// Jest Snapshot v1, https://goo.gl/fbAQLP

exports[`button match with snapshot 1`] = `ShallowWrapper {}`;
