// Jest Snapshot v1, https://goo.gl/fbAQLP

exports[`Button status test  match snapshot 1`] = `
<button
  className="makeStyles-buttonActive-2"
  disabled={false}
  varian="outline"
>
   
  New
   
  <br />
  <b
    style={
      Object {
        "color": "black",
      }
    }
  >
    $14
  </b>
</button>
`;
