// Jest Snapshot v1, https://goo.gl/fbAQLP

exports[`Test card New  Arrival have to match snapshot 1`] = `
<div
  className="makeStyles-cardContainer-1"
>
  <Link
    href="href"
  >
    <a>
      <div>
        <div
          className="makeStyles-img1-2"
        >
          <img
            alt="img"
            src="mainBg.jpg"
          />
        </div>
        <div>
          <h4
            style={
              Object {
                "height": "35px",
                "marginTop": "3px",
                "paddingBottom": "1px",
              }
            }
          />
          <p
            style={
              Object {
                "color": "#00bdd7",
                "fontSize": "17px",
                "height": "40px",
                "marginTop": "-19px",
                "paddingBottom": "15px",
                "width": "270px",
              }
            }
          >
            <span>
               is book's author
            </span>
          </p>
        </div>
        <div
          className="makeStyles-textDesc-4"
        >
          <p />
        </div>
        <p>
          Price : 
          <span
            style={
              Object {
                "color": "red",
              }
            }
          >
            $
            12
          </span>
        </p>
        <div
          className="makeStyles-buttonClick-5"
        >
          <p>
            SEE DETAIL
          </p>
        </div>
      </div>
    </a>
  </Link>
</div>
`;
